C:/Users/Admin/Desktop/stm_m4/STM32CubeMP1/Drivers/BSP/STM32MP15xx_DISCO/stm32mp15xx_disco.c:144:10:BSP_GetVersion	4	static
C:/Users/Admin/Desktop/stm_m4/STM32CubeMP1/Drivers/BSP/STM32MP15xx_DISCO/stm32mp15xx_disco.c:161:9:BSP_LED_Init	40	static
C:/Users/Admin/Desktop/stm_m4/STM32CubeMP1/Drivers/BSP/STM32MP15xx_DISCO/stm32mp15xx_disco.c:210:9:BSP_LED_DeInit	40	static
C:/Users/Admin/Desktop/stm_m4/STM32CubeMP1/Drivers/BSP/STM32MP15xx_DISCO/stm32mp15xx_disco.c:234:9:BSP_LED_On	24	static
C:/Users/Admin/Desktop/stm_m4/STM32CubeMP1/Drivers/BSP/STM32MP15xx_DISCO/stm32mp15xx_disco.c:257:9:BSP_LED_Off	24	static
C:/Users/Admin/Desktop/stm_m4/STM32CubeMP1/Drivers/BSP/STM32MP15xx_DISCO/stm32mp15xx_disco.c:281:9:BSP_LED_Toggle	24	static
C:/Users/Admin/Desktop/stm_m4/STM32CubeMP1/Drivers/BSP/STM32MP15xx_DISCO/stm32mp15xx_disco.c:299:9:BSP_LED_GetState	24	static
C:/Users/Admin/Desktop/stm_m4/STM32CubeMP1/Drivers/BSP/STM32MP15xx_DISCO/stm32mp15xx_disco.c:328:9:BSP_PB_Init	40	static
C:/Users/Admin/Desktop/stm_m4/STM32CubeMP1/Drivers/BSP/STM32MP15xx_DISCO/stm32mp15xx_disco.c:413:9:BSP_PB_DeInit	40	static
C:/Users/Admin/Desktop/stm_m4/STM32CubeMP1/Drivers/BSP/STM32MP15xx_DISCO/stm32mp15xx_disco.c:460:10:BSP_PB_GetState	16	static
C:/Users/Admin/Desktop/stm_m4/STM32CubeMP1/Drivers/BSP/STM32MP15xx_DISCO/stm32mp15xx_disco.c:470:6:BSP_PB_WAKEUP_EXTI_LINE_0_IRQHandler	8	static
C:/Users/Admin/Desktop/stm_m4/STM32CubeMP1/Drivers/BSP/STM32MP15xx_DISCO/stm32mp15xx_disco.c:479:6:BSP_PB_USER_EXTI_LINE_14_IRQHandler	8	static
C:/Users/Admin/Desktop/stm_m4/STM32CubeMP1/Drivers/BSP/STM32MP15xx_DISCO/stm32mp15xx_disco.c:488:6:BSP_PB_USER2_EXTI_LINE_13_IRQHandler	8	static
C:/Users/Admin/Desktop/stm_m4/STM32CubeMP1/Drivers/BSP/STM32MP15xx_DISCO/stm32mp15xx_disco.c:748:13:BUTTON_WAKEUP_EXTI_Callback	8	static
C:/Users/Admin/Desktop/stm_m4/STM32CubeMP1/Drivers/BSP/STM32MP15xx_DISCO/stm32mp15xx_disco.c:757:13:BUTTON_USER_EXTI_Callback	8	static
C:/Users/Admin/Desktop/stm_m4/STM32CubeMP1/Drivers/BSP/STM32MP15xx_DISCO/stm32mp15xx_disco.c:766:13:BUTTON_USER2_EXTI_Callback	8	static
C:/Users/Admin/Desktop/stm_m4/STM32CubeMP1/Drivers/BSP/STM32MP15xx_DISCO/stm32mp15xx_disco.c:776:13:BSP_PB_Callback	16	static
