Archive member included to satisfy reference by file (symbol)

D:/ST/STM32CubeIDE_1.19.0/STM32CubeIDE/plugins/com.st.stm32cube.ide.mcu.externaltools.gnu-tools-for-stm32.13.3.rel1.win32_1.0.0.202411081344/tools/bin/../lib/gcc/arm-none-eabi/13.3.1/../../../../arm-none-eabi/lib/thumb/v7e-m+fp/hard\libc_nano.a(libc_a-exit.o)
                              D:/ST/STM32CubeIDE_1.19.0/STM32CubeIDE/plugins/com.st.stm32cube.ide.mcu.externaltools.gnu-tools-for-stm32.13.3.rel1.win32_1.0.0.202411081344/tools/bin/../lib/gcc/arm-none-eabi/13.3.1/../../../../arm-none-eabi/lib/thumb/v7e-m+fp/hard/crt0.o (exit)
D:/ST/STM32CubeIDE_1.19.0/STM32CubeIDE/plugins/com.st.stm32cube.ide.mcu.externaltools.gnu-tools-for-stm32.13.3.rel1.win32_1.0.0.202411081344/tools/bin/../lib/gcc/arm-none-eabi/13.3.1/../../../../arm-none-eabi/lib/thumb/v7e-m+fp/hard\libc_nano.a(libc_a-findfp.o)
                              D:/ST/STM32CubeIDE_1.19.0/STM32CubeIDE/plugins/com.st.stm32cube.ide.mcu.externaltools.gnu-tools-for-stm32.13.3.rel1.win32_1.0.0.202411081344/tools/bin/../lib/gcc/arm-none-eabi/13.3.1/../../../../arm-none-eabi/lib/thumb/v7e-m+fp/hard\libc_nano.a(libc_a-exit.o) (__stdio_exit_handler)
D:/ST/STM32CubeIDE_1.19.0/STM32CubeIDE/plugins/com.st.stm32cube.ide.mcu.externaltools.gnu-tools-for-stm32.13.3.rel1.win32_1.0.0.202411081344/tools/bin/../lib/gcc/arm-none-eabi/13.3.1/../../../../arm-none-eabi/lib/thumb/v7e-m+fp/hard\libc_nano.a(libc_a-fwalk.o)
                              D:/ST/STM32CubeIDE_1.19.0/STM32CubeIDE/plugins/com.st.stm32cube.ide.mcu.externaltools.gnu-tools-for-stm32.13.3.rel1.win32_1.0.0.202411081344/tools/bin/../lib/gcc/arm-none-eabi/13.3.1/../../../../arm-none-eabi/lib/thumb/v7e-m+fp/hard\libc_nano.a(libc_a-findfp.o) (_fwalk_sglue)
D:/ST/STM32CubeIDE_1.19.0/STM32CubeIDE/plugins/com.st.stm32cube.ide.mcu.externaltools.gnu-tools-for-stm32.13.3.rel1.win32_1.0.0.202411081344/tools/bin/../lib/gcc/arm-none-eabi/13.3.1/../../../../arm-none-eabi/lib/thumb/v7e-m+fp/hard\libc_nano.a(libc_a-stdio.o)
                              D:/ST/STM32CubeIDE_1.19.0/STM32CubeIDE/plugins/com.st.stm32cube.ide.mcu.externaltools.gnu-tools-for-stm32.13.3.rel1.win32_1.0.0.202411081344/tools/bin/../lib/gcc/arm-none-eabi/13.3.1/../../../../arm-none-eabi/lib/thumb/v7e-m+fp/hard\libc_nano.a(libc_a-findfp.o) (__sread)
D:/ST/STM32CubeIDE_1.19.0/STM32CubeIDE/plugins/com.st.stm32cube.ide.mcu.externaltools.gnu-tools-for-stm32.13.3.rel1.win32_1.0.0.202411081344/tools/bin/../lib/gcc/arm-none-eabi/13.3.1/../../../../arm-none-eabi/lib/thumb/v7e-m+fp/hard\libc_nano.a(libc_a-memset.o)
                              D:/ST/STM32CubeIDE_1.19.0/STM32CubeIDE/plugins/com.st.stm32cube.ide.mcu.externaltools.gnu-tools-for-stm32.13.3.rel1.win32_1.0.0.202411081344/tools/bin/../lib/gcc/arm-none-eabi/13.3.1/../../../../arm-none-eabi/lib/thumb/v7e-m+fp/hard/crt0.o (memset)
D:/ST/STM32CubeIDE_1.19.0/STM32CubeIDE/plugins/com.st.stm32cube.ide.mcu.externaltools.gnu-tools-for-stm32.13.3.rel1.win32_1.0.0.202411081344/tools/bin/../lib/gcc/arm-none-eabi/13.3.1/../../../../arm-none-eabi/lib/thumb/v7e-m+fp/hard\libc_nano.a(libc_a-closer.o)
                              D:/ST/STM32CubeIDE_1.19.0/STM32CubeIDE/plugins/com.st.stm32cube.ide.mcu.externaltools.gnu-tools-for-stm32.13.3.rel1.win32_1.0.0.202411081344/tools/bin/../lib/gcc/arm-none-eabi/13.3.1/../../../../arm-none-eabi/lib/thumb/v7e-m+fp/hard\libc_nano.a(libc_a-stdio.o) (_close_r)
D:/ST/STM32CubeIDE_1.19.0/STM32CubeIDE/plugins/com.st.stm32cube.ide.mcu.externaltools.gnu-tools-for-stm32.13.3.rel1.win32_1.0.0.202411081344/tools/bin/../lib/gcc/arm-none-eabi/13.3.1/../../../../arm-none-eabi/lib/thumb/v7e-m+fp/hard\libc_nano.a(libc_a-reent.o)
                              D:/ST/STM32CubeIDE_1.19.0/STM32CubeIDE/plugins/com.st.stm32cube.ide.mcu.externaltools.gnu-tools-for-stm32.13.3.rel1.win32_1.0.0.202411081344/tools/bin/../lib/gcc/arm-none-eabi/13.3.1/../../../../arm-none-eabi/lib/thumb/v7e-m+fp/hard\libc_nano.a(libc_a-closer.o) (errno)
D:/ST/STM32CubeIDE_1.19.0/STM32CubeIDE/plugins/com.st.stm32cube.ide.mcu.externaltools.gnu-tools-for-stm32.13.3.rel1.win32_1.0.0.202411081344/tools/bin/../lib/gcc/arm-none-eabi/13.3.1/../../../../arm-none-eabi/lib/thumb/v7e-m+fp/hard\libc_nano.a(libc_a-impure.o)
                              D:/ST/STM32CubeIDE_1.19.0/STM32CubeIDE/plugins/com.st.stm32cube.ide.mcu.externaltools.gnu-tools-for-stm32.13.3.rel1.win32_1.0.0.202411081344/tools/bin/../lib/gcc/arm-none-eabi/13.3.1/../../../../arm-none-eabi/lib/thumb/v7e-m+fp/hard\libc_nano.a(libc_a-reent.o) (_impure_ptr)
D:/ST/STM32CubeIDE_1.19.0/STM32CubeIDE/plugins/com.st.stm32cube.ide.mcu.externaltools.gnu-tools-for-stm32.13.3.rel1.win32_1.0.0.202411081344/tools/bin/../lib/gcc/arm-none-eabi/13.3.1/../../../../arm-none-eabi/lib/thumb/v7e-m+fp/hard\libc_nano.a(libc_a-lseekr.o)
[...]
Memory Configuration

Name             Origin             Length             Attributes
m_interrupts     0x00000000         0x00000298         xr
m_text           0x10000000         0x00020000         xr
m_data           0x10020000         0x00020000         rw
m_ipc_shm        0x10040000         0x00008000         rw
*default*        0x00000000         0xffffffff

Linker script and memory map

LOAD D:/ST/STM32CubeIDE_1.19.0/STM32CubeIDE/plugins/com.st.stm32cube.ide.mcu.externaltools.gnu-tools-for-stm32.13.3.rel1.win32_1.0.0.202411081344/tools/bin/../lib/gcc/arm-none-eabi/13.3.1/thumb/v7e-m+fp/hard/crti.o
LOAD D:/ST/STM32CubeIDE_1.19.0/STM32CubeIDE/plugins/com.st.stm32cube.ide.mcu.externaltools.gnu-tools-for-stm32.13.3.rel1.win32_1.0.0.202411081344/tools/bin/../lib/gcc/arm-none-eabi/13.3.1/thumb/v7e-m+fp/hard/crtbegin.o
LOAD D:/ST/STM32CubeIDE_1.19.0/STM32CubeIDE/plugins/com.st.stm32cube.ide.mcu.externaltools.gnu-tools-for-stm32.13.3.rel1.win32_1.0.0.202411081344/tools/bin/../lib/gcc/arm-none-eabi/13.3.1/../../../../arm-none-eabi/lib/thumb/v7e-m+fp/hard/crt0.o
LOAD ./Application/Startup/startup_stm32mp157caax.o
LOAD ./Application/User/lock_resource.o
LOAD ./Application/User/main.o
LOAD ./Application/User/stm32mp1xx_hal_msp.o
LOAD ./Application/User/stm32mp1xx_it.o
LOAD ./Application/User/syscalls.o
LOAD ./Drivers/BSP/stm32mp15xx_disco.o
LOAD ./Drivers/CMSIS/system_stm32mp1xx.o
LOAD ./Drivers/STM32MP1xx_HAL_Driver/stm32mp1xx_hal.o
LOAD ./Drivers/STM32MP1xx_HAL_Driver/stm32mp1xx_hal_cortex.o
LOAD ./Drivers/STM32MP1xx_HAL_Driver/stm32mp1xx_hal_dma.o
LOAD ./Drivers/STM32MP1xx_HAL_Driver/stm32mp1xx_hal_dma_ex.o
LOAD ./Drivers/STM32MP1xx_HAL_Driver/stm32mp1xx_hal_exti.o
LOAD ./Drivers/STM32MP1xx_HAL_Driver/stm32mp1xx_hal_gpio.o
LOAD ./Drivers/STM32MP1xx_HAL_Driver/stm32mp1xx_hal_hsem.o
LOAD ./Drivers/STM32MP1xx_HAL_Driver/stm32mp1xx_hal_i2c.o
LOAD ./Drivers/STM32MP1xx_HAL_Driver/stm32mp1xx_hal_i2c_ex.o
LOAD ./Drivers/STM32MP1xx_HAL_Driver/stm32mp1xx_hal_pwr.o
LOAD ./Drivers/STM32MP1xx_HAL_Driver/stm32mp1xx_hal_pwr_ex.o
LOAD ./Drivers/STM32MP1xx_HAL_Driver/stm32mp1xx_hal_rcc.o
LOAD ./Drivers/STM32MP1xx_HAL_Driver/stm32mp1xx_hal_rcc_ex.o
START GROUP
LOAD D:/ST/STM32CubeIDE_1.19.0/STM32CubeIDE/plugins/com.st.stm32cube.ide.mcu.externaltools.gnu-tools-for-stm32.13.3.rel1.win32_1.0.0.202411081344/tools/bin/../lib/gcc/arm-none-eabi/13.3.1/../../../../arm-none-eabi/lib/thumb/v7e-m+fp/hard\libc_nano.a
LOAD D:/ST/STM32CubeIDE_1.19.0/STM32CubeIDE/plugins/com.st.stm32cube.ide.mcu.externaltools.gnu-tools-for-stm32.13.3.rel1.win32_1.0.0.202411081344/tools/bin/../lib/gcc/arm-none-eabi/13.3.1/../../../../arm-none-eabi/lib/thumb/v7e-m+fp/hard\libm.a
END GROUP
START GROUP
LOAD D:/ST/STM32CubeIDE_1.19.0/STM32CubeIDE/plugins/com.st.stm32cube.ide.mcu.externaltools.gnu-tools-for-stm32.13.3.rel1.win32_1.0.0.202411081344/tools/bin/../lib/gcc/arm-none-eabi/13.3.1/thumb/v7e-m+fp/hard\libgcc.a
LOAD D:/ST/STM32CubeIDE_1.19.0/STM32CubeIDE/plugins/com.st.stm32cube.ide.mcu.externaltools.gnu-tools-for-stm32.13.3.rel1.win32_1.0.0.202411081344/tools/bin/../lib/gcc/arm-none-eabi/13.3.1/../../../../arm-none-eabi/lib/thumb/v7e-m+fp/hard\libc_nano.a
END GROUP
START GROUP
LOAD D:/ST/STM32CubeIDE_1.19.0/STM32CubeIDE/plugins/com.st.stm32cube.ide.mcu.externaltools.gnu-tools-for-stm32.13.3.rel1.win32_1.0.0.202411081344/tools/bin/../lib/gcc/arm-none-eabi/13.3.1/thumb/v7e-m+fp/hard\libgcc.a
LOAD D:/ST/STM32CubeIDE_1.19.0/STM32CubeIDE/plugins/com.st.stm32cube.ide.mcu.externaltools.gnu-tools-for-stm32.13.3.rel1.win32_1.0.0.202411081344/tools/bin/../lib/gcc/arm-none-eabi/13.3.1/../../../../arm-none-eabi/lib/thumb/v7e-m+fp/hard\libc_nano.a
LOAD D:/ST/STM32CubeIDE_1.19.0/STM32CubeIDE/plugins/com.st.stm32cube.ide.mcu.externaltools.gnu-tools-for-stm32.13.3.rel1.win32_1.0.0.202411081344/tools/bin/../lib/gcc/arm-none-eabi/13.3.1/../../../../arm-none-eabi/lib/thumb/v7e-m+fp/hard\libnosys.a
END GROUP
START GROUP
LOAD D:/ST/STM32CubeIDE_1.19.0/STM32CubeIDE/plugins/com.st.stm32cube.ide.mcu.externaltools.gnu-tools-for-stm32.13.3.rel1.win32_1.0.0.202411081344/tools/bin/../lib/gcc/arm-none-eabi/13.3.1/thumb/v7e-m+fp/hard\libgcc.a
LOAD D:/ST/STM32CubeIDE_1.19.0/STM32CubeIDE/plugins/com.st.stm32cube.ide.mcu.externaltools.gnu-tools-for-stm32.13.3.rel1.win32_1.0.0.202411081344/tools/bin/../lib/gcc/arm-none-eabi/13.3.1/../../../../arm-none-eabi/lib/thumb/v7e-m+fp/hard\libc_nano.a
LOAD D:/ST/STM32CubeIDE_1.19.0/STM32CubeIDE/plugins/com.st.stm32cube.ide.mcu.externaltools.gnu-tools-for-stm32.13.3.rel1.win32_1.0.0.202411081344/tools/bin/../lib/gcc/arm-none-eabi/13.3.1/../../../../arm-none-eabi/lib/thumb/v7e-m+fp/hard\libnosys.a
END GROUP
LOAD D:/ST/STM32CubeIDE_1.19.0/STM32CubeIDE/plugins/com.st.stm32cube.ide.mcu.externaltools.gnu-tools-for-stm32.13.3.rel1.win32_1.0.0.202411081344/tools/bin/../lib/gcc/arm-none-eabi/13.3.1/thumb/v7e-m+fp/hard/crtend.o
LOAD D:/ST/STM32CubeIDE_1.19.0/STM32CubeIDE/plugins/com.st.stm32cube.ide.mcu.externaltools.gnu-tools-for-stm32.13.3.rel1.win32_1.0.0.202411081344/tools/bin/../lib/gcc/arm-none-eabi/13.3.1/thumb/v7e-m+fp/hard/crtn.o
                0x10040000                        _estack = 0x10040000
                0x00000200                        _Min_Heap_Size = 0x200
                0x00000400                        _Min_Stack_Size = 0x400
                0x10040000                        __OPENAMP_region_start__ = ORIGIN (m_ipc_shm)
                0x10048000                        __OPENAMP_region_end__ = (ORIGIN (m_ipc_shm) + LENGTH (m_ipc_shm))

.isr_vector     0x00000000      0x298
                0x00000000                        . = ALIGN (0x4)
 *(.isr_vector)
 .isr_vector    0x00000000      0x298 ./Application/Startup/startup_stm32mp157caax.o
                0x00000000                g_pfnVectors
                0x00000298                        . = ALIGN (0x4)

.text           0x10000000     0x10f8
                0x10000000                        . = ALIGN (0x4)
 *(.text)
 .text          0x10000000       0x40 D:/ST/STM32CubeIDE_1.19.0/STM32CubeIDE/plugins/com.st.stm32cube.ide.mcu.externaltools.gnu-tools-for-stm32.13.3.rel1.win32_1.0.0.202411081344/tools/bin/../lib/gcc/arm-none-eabi/13.3.1/thumb/v7e-m+fp/hard/crtbegin.o
 *(.text*)
 .text.Default_Handler
                0x10000040        0x2 ./Application/Startup/startup_stm32mp157caax.o
                0x10000040                EXTI2_IRQHandler
                0x10000040                TIM8_TRG_COM_IRQHandler
                0x10000040                TIM8_CC_IRQHandler
                0x10000040                EXTI5_IRQHandler
                0x10000040                UART8_IRQHandler
                0x10000040                SPI4_IRQHandler
                0x10000040                EXTI13_IRQHandler
                0x10000040                TIM1_CC_IRQHandler
                0x10000040                DMA2_Stream5_IRQHandler
                0x10000040                ETH1_WKUP_IRQHandler
                0x10000040                TAMP_IRQHandler
                0x10000040                DMA1_Stream5_IRQHandler
                0x10000040                TIM6_IRQHandler
                0x10000040                EXTI12_IRQHandler
                0x10000040                EXTI3_IRQHandler
                0x10000040                LPTIM4_IRQHandler
                0x10000040                EXTI8_IRQHandler
                0x10000040                LPTIM2_IRQHandler
                0x10000040                DFSDM1_FLT1_IRQHandler
                0x10000040                I2C3_ER_IRQHandler
                0x10000040                DFSDM1_FLT2_IRQHandler
                0x10000040                I2C5_EV_IRQHandler
                0x10000040                MDMA_IRQHandler
                0x10000040                IPCC_TX1_IRQHandler
                0x10000040                LPTIM3_IRQHandler
                0x10000040                EXTI0_IRQHandler
                0x10000040                I2C2_EV_IRQHandler
                0x10000040                DMA1_Stream2_IRQHandler
                0x10000040                FPU_IRQHandler
                0x10000040                USBH_OHCI_IRQHandler
                0x10000040                FDCAN1_IT1_IRQHandler
                0x10000040                UsageFault_Handler
                0x10000040                LTDC_ER_IRQHandler
                0x10000040                DMA2_Stream2_IRQHandler
                0x10000040                IPCC_RX0_IRQHandler
                0x10000040                OTG_IRQHandler
                0x10000040                SPI1_IRQHandler
                0x10000040                DCMI_IRQHandler
                0x10000040                TIM8_UP_IRQHandler
                0x10000040                DMA2_Stream3_IRQHandler
                0x10000040                USBH_EHCI_IRQHandler
                0x10000040                nCTIIRQ2_IRQHandler
                0x10000040                HASH1_IRQHandler
                0x10000040                GPU_IRQHandler
                0x10000040                SAI2_IRQHandler
                0x10000040                ADC1_IRQHandler
                0x10000040                RESERVED148_IRQHandler
                0x10000040                RTC_TIMESTAMP_IRQHandler
                0x10000040                DFSDM1_FLT3_IRQHandler
                0x10000040                USART6_IRQHandler
                0x10000040                EXTI15_IRQHandler
                0x10000040                TIM17_IRQHandler
                0x10000040                USART3_IRQHandler
                0x10000040                EXTI9_IRQHandler
                0x10000040                LPTIM5_IRQHandler
                0x10000040                UART5_IRQHandler
                0x10000040                DMA2_Stream0_IRQHandler
                0x10000040                TIM4_IRQHandler
                0x10000040                RCC_WAKEUP_IRQHandler
                0x10000040                CRYP2_IRQHandler
                0x10000040                QUADSPI_IRQHandler
                0x10000040                I2C1_EV_IRQHandler
                0x10000040                DMA1_Stream6_IRQHandler
                0x10000040                RESERVED99_IRQHandler
                0x10000040                DMAMUX1_OVR_IRQHandler
                0x10000040                DMA1_Stream1_IRQHandler
                0x10000040                TIM16_IRQHandler
                0x10000040                UART4_IRQHandler
                0x10000040                TIM3_IRQHandler
                0x10000040                RCC_IRQHandler
                0x10000040                TIM1_TRG_COM_IRQHandler
                0x10000040                nCTIIRQ1_IRQHandler
                0x10000040                Default_Handler
                0x10000040                IPCC_RX1_IRQHandler
                0x10000040                CEC_IRQHandler
                0x10000040                DFSDM1_FLT4_IRQHandler
                0x10000040                TIM14_IRQHandler
                0x10000040                I2C5_ER_IRQHandler
                0x10000040                TIM13_IRQHandler
                0x10000040                DMA1_Stream7_IRQHandler
                0x10000040                IPCC_TX0_IRQHandler
                0x10000040                SPI5_IRQHandler
                0x10000040                TIM12_IRQHandler
                0x10000040                TIM7_IRQHandler
                0x10000040                SDMMC1_IRQHandler
                0x10000040                TIM5_IRQHandler
                0x10000040                DMA2_Stream7_IRQHandler
                0x10000040                TIM15_IRQHandler
                0x10000040                PVD_AVD_IRQHandler
                0x10000040                I2C3_EV_IRQHandler
                0x10000040                SDMMC3_IRQHandler
                0x10000040                ETH1_IRQHandler
                0x10000040                LTDC_IRQHandler
                0x10000040                SAI3_IRQHandler
                0x10000040                SPDIF_RX_IRQHandler
                0x10000040                ADC2_IRQHandler
                0x10000040                SPI2_IRQHandler
                0x10000040                DFSDM1_FLT5_IRQHandler
                0x10000040                DMA1_Stream0_IRQHandler
                0x10000040                EXTI11_IRQHandler
                0x10000040                CRYP1_IRQHandler
                0x10000040                RNG2_IRQHandler
                0x10000040                RNG1_IRQHandler
                0x10000040                HASH2_IRQHandler
                0x10000040                EXTI4_IRQHandler
                0x10000040                ETH1_LPI_IRQHandler
                0x10000040                FDCAN2_IT1_IRQHandler
                0x10000040                DSI_IRQHandler
                0x10000040                TIM1_UP_IRQHandler
                0x10000040                HSEM_IT2_IRQHandler
                0x10000040                SPI6_IRQHandler
                0x10000040                MDIOS_IRQHandler
                0x10000040                I2C4_EV_IRQHandler
                0x10000040                FDCAN2_IT0_IRQHandler
                0x10000040                I2C6_ER_IRQHandler
                0x10000040                FDCAN1_IT0_IRQHandler
                0x10000040                TIM2_IRQHandler
                0x10000040                EXTI7_IRQHandler
                0x10000040                TIM1_BRK_IRQHandler
                0x10000040                DAC_IRQHandler
                0x10000040                EXTI1_IRQHandler
                0x10000040                SDMMC2_IRQHandler
                0x10000040                DTS_IRQHandler
                0x10000040                UART7_IRQHandler
                0x10000040                USART2_IRQHandler
                0x10000040                I2C6_EV_IRQHandler
                0x10000040                DFSDM1_FLT0_IRQHandler
                0x10000040                SAI4_IRQHandler
                0x10000040                I2C2_ER_IRQHandler
                0x10000040                DMA2_Stream1_IRQHandler
                0x10000040                TIM8_BRK_IRQHandler
                0x10000040                WWDG1_IRQHandler
                0x10000040                DMA2_Stream4_IRQHandler
                0x10000040                BusFault_Handler
                0x10000040                USART1_IRQHandler
                0x10000040                RESERVED143_IRQHandler
                0x10000040                EXTI10_IRQHandler
                0x10000040                SPI3_IRQHandler
                0x10000040                WAKEUP_PIN_IRQHandler
                0x10000040                DMA1_Stream4_IRQHandler
                0x10000040                I2C1_ER_IRQHandler
                0x10000040                FMC_IRQHandler
                0x10000040                FDCAN_CAL_IRQHandler
                0x10000040                EXTI6_IRQHandler
                0x10000040                MPU_SEV_IRQHandler
                0x10000040                LPTIM1_IRQHandler
                0x10000040                RTC_WKUP_ALARM_IRQHandler
                0x10000040                I2C4_ER_IRQHandler
                0x10000040                DMA2_Stream6_IRQHandler
                0x10000040                SAI1_IRQHandler
                0x10000040                DMA1_Stream3_IRQHandler
                0x10000040                RESERVED4_IRQHandler
 .text.assert_failed
                0x10000042        0xe ./Application/User/main.o
                0x10000042                assert_failed
 .text.SystemClock_Config
                0x10000050        0xc ./Application/User/main.o
 .text.MX_GPIO_Init
                0x1000005c       0x54 ./Application/User/main.o
 .text.tick_elapsed
                0x100000b0       0x28 ./Application/User/main.o
 .text.heartbeat_init
                0x100000d8       0x7c ./Application/User/main.o
 .text.heartbeat_update
                0x10000154       0x5a ./Application/User/main.o
 *fill*         0x100001ae        0x2 
 .text.main     0x100001b0       0x80 ./Application/User/main.o
                0x100001b0                main
 .text.HAL_MspInit
                0x10000230        0xe ./Application/User/stm32mp1xx_hal_msp.o
                0x10000230                HAL_MspInit
 .text.NMI_Handler
                0x1000023e        0xe ./Application/User/stm32mp1xx_it.o
                0x1000023e                NMI_Handler
 .text.HardFault_Handler
                0x1000024c        0x8 ./Application/User/stm32mp1xx_it.o
                0x1000024c                HardFault_Handler
 .text.MemManage_Handler
                0x10000254        0x8 ./Application/User/stm32mp1xx_it.o
                0x10000254                MemManage_Handler
 .text.SVC_Handler
                0x1000025c        0xe ./Application/User/stm32mp1xx_it.o
                0x1000025c                SVC_Handler
 .text.DebugMon_Handler
                0x1000026a        0xe ./Application/User/stm32mp1xx_it.o
                0x1000026a                DebugMon_Handler
 .text.PendSV_Handler
                0x10000278        0xe ./Application/User/stm32mp1xx_it.o
                0x10000278                PendSV_Handler
 .text.SysTick_Handler
                0x10000286       0x10 ./Application/User/stm32mp1xx_it.o
                0x10000286                SysTick_Handler
 *fill*         0x10000296        0x2 
 .text.EXTI14_IRQHandler
                0x10000298       0x14 ./Application/User/stm32mp1xx_it.o
                0x10000298                EXTI14_IRQHandler
 .text.SystemInit
                0x100002ac       0x4c ./Drivers/CMSIS/system_stm32mp1xx.o
                0x100002ac                SystemInit
 .text.SystemCoreClockUpdate
                0x100002f8      0x1cc ./Drivers/CMSIS/system_stm32mp1xx.o
                0x100002f8                SystemCoreClockUpdate
 .text.HAL_Init
                0x100004c4       0x34 ./Drivers/STM32MP1xx_HAL_Driver/stm32mp1xx_hal.o
                0x100004c4                HAL_Init
 .text.HAL_InitTick
                0x100004f8       0x6c ./Drivers/STM32MP1xx_HAL_Driver/stm32mp1xx_hal.o
                0x100004f8                HAL_InitTick
 .text.HAL_IncTick
                0x10000564       0x28 ./Drivers/STM32MP1xx_HAL_Driver/stm32mp1xx_hal.o
                0x10000564                HAL_IncTick
 .text.HAL_GetTick
                0x1000058c       0x18 ./Drivers/STM32MP1xx_HAL_Driver/stm32mp1xx_hal.o
                0x1000058c                HAL_GetTick
 .text.__NVIC_SetPriorityGrouping
                0x100005a4       0x48 ./Drivers/STM32MP1xx_HAL_Driver/stm32mp1xx_hal_cortex.o
 .text.__NVIC_GetPriorityGrouping
                0x100005ec       0x1c ./Drivers/STM32MP1xx_HAL_Driver/stm32mp1xx_hal_cortex.o
 .text.__NVIC_SetPriority
                0x10000608       0x54 ./Drivers/STM32MP1xx_HAL_Driver/stm32mp1xx_hal_cortex.o
 .text.NVIC_EncodePriority
                0x1000065c       0x66 ./Drivers/STM32MP1xx_HAL_Driver/stm32mp1xx_hal_cortex.o
 *fill*         0x100006c2        0x2 
 .text.SysTick_Config
                0x100006c4       0x44 ./Drivers/STM32MP1xx_HAL_Driver/stm32mp1xx_hal_cortex.o
 .text.HAL_NVIC_SetPriorityGrouping
                0x10000708       0x40 ./Drivers/STM32MP1xx_HAL_Driver/stm32mp1xx_hal_cortex.o
                0x10000708                HAL_NVIC_SetPriorityGrouping
 .text.HAL_NVIC_SetPriority
                0x10000748       0x58 ./Drivers/STM32MP1xx_HAL_Driver/stm32mp1xx_hal_cortex.o
                0x10000748                HAL_NVIC_SetPriority
 .text.HAL_SYSTICK_Config
                0x100007a0       0x18 ./Drivers/STM32MP1xx_HAL_Driver/stm32mp1xx_hal_cortex.o
                0x100007a0                HAL_SYSTICK_Config
 .text.HAL_SYSTICK_IRQHandler
                0x100007b8        0xc ./Drivers/STM32MP1xx_HAL_Driver/stm32mp1xx_hal_cortex.o
                0x100007b8                HAL_SYSTICK_IRQHandler
 .text.HAL_SYSTICK_Callback
                0x100007c4        0xe ./Drivers/STM32MP1xx_HAL_Driver/stm32mp1xx_hal_cortex.o
                0x100007c4                HAL_SYSTICK_Callback
 *fill*         0x100007d2        0x2 
 .text.HAL_EXTI_IRQHandler
                0x100007d4       0x90 ./Drivers/STM32MP1xx_HAL_Driver/stm32mp1xx_hal_exti.o
                0x100007d4                HAL_EXTI_IRQHandler
 .text.HAL_GPIO_Init
                0x10000864      0x4ec ./Drivers/STM32MP1xx_HAL_Driver/stm32mp1xx_hal_gpio.o
                0x10000864                HAL_GPIO_Init
 .text.HAL_GPIO_WritePin
                0x10000d50       0x58 ./Drivers/STM32MP1xx_HAL_Driver/stm32mp1xx_hal_gpio.o
                0x10000d50                HAL_GPIO_WritePin
 .text.HAL_GPIO_TogglePin
                0x10000da8       0x44 ./Drivers/STM32MP1xx_HAL_Driver/stm32mp1xx_hal_gpio.o
                0x10000da8                HAL_GPIO_TogglePin
 .text.HAL_RCC_GetPLL3ClockFreq
                0x10000dec      0x1f4 ./Drivers/STM32MP1xx_HAL_Driver/stm32mp1xx_hal_rcc.o
                0x10000dec                HAL_RCC_GetPLL3ClockFreq
 .text.HAL_RCC_GetMCUFreq
                0x10000fe0       0x36 ./Drivers/STM32MP1xx_HAL_Driver/stm32mp1xx_hal_rcc.o
                0x10000fe0                HAL_RCC_GetMCUFreq
 .text.HAL_RCC_GetSystemCoreClockFreq
                0x10001016        0xe ./Drivers/STM32MP1xx_HAL_Driver/stm32mp1xx_hal_rcc.o
                0x10001016                HAL_RCC_GetSystemCoreClockFreq
 .text.HAL_RCC_GetMCUSSFreq
                0x10001024       0x74 ./Drivers/STM32MP1xx_HAL_Driver/stm32mp1xx_hal_rcc.o
                0x10001024                HAL_RCC_GetMCUSSFreq
 .text.__libc_init_array
                0x10001098       0x48 D:/ST/STM32CubeIDE_1.19.0/STM32CubeIDE/plugins/com.st.stm32cube.ide.mcu.externaltools.gnu-tools-for-stm32.13.3.rel1.win32_1.0.0.202411081344/tools/bin/../lib/gcc/arm-none-eabi/13.3.1/../../../../arm-none-eabi/lib/thumb/v7e-m+fp/hard\libc_nano.a(libc_a-init.o)
                0x10001098                __libc_init_array
 *(.glue_7)
 .glue_7        0x100010e0        0x0 linker stubs
 *(.glue_7t)
 .glue_7t       0x100010e0        0x0 linker stubs
 *(.eh_frame)
 .eh_frame      0x100010e0        0x0 D:/ST/STM32CubeIDE_1.19.0/STM32CubeIDE/plugins/com.st.stm32cube.ide.mcu.externaltools.gnu-tools-for-stm32.13.3.rel1.win32_1.0.0.202411081344/tools/bin/../lib/gcc/arm-none-eabi/13.3.1/thumb/v7e-m+fp/hard/crtbegin.o
 *(.init)
 .init          0x100010e0        0x4 D:/ST/STM32CubeIDE_1.19.0/STM32CubeIDE/plugins/com.st.stm32cube.ide.mcu.externaltools.gnu-tools-for-stm32.13.3.rel1.win32_1.0.0.202411081344/tools/bin/../lib/gcc/arm-none-eabi/13.3.1/thumb/v7e-m+fp/hard/crti.o
                0x100010e0                _init
 .init          0x100010e4        0x8 D:/ST/STM32CubeIDE_1.19.0/STM32CubeIDE/plugins/com.st.stm32cube.ide.mcu.externaltools.gnu-tools-for-stm32.13.3.rel1.win32_1.0.0.202411081344/tools/bin/../lib/gcc/arm-none-eabi/13.3.1/thumb/v7e-m+fp/hard/crtn.o
 *(.fini)
 .fini          0x100010ec        0x4 D:/ST/STM32CubeIDE_1.19.0/STM32CubeIDE/plugins/com.st.stm32cube.ide.mcu.externaltools.gnu-tools-for-stm32.13.3.rel1.win32_1.0.0.202411081344/tools/bin/../lib/gcc/arm-none-eabi/13.3.1/thumb/v7e-m+fp/hard/crti.o
                0x100010ec                _fini
 .fini          0x100010f0        0x8 D:/ST/STM32CubeIDE_1.19.0/STM32CubeIDE/plugins/com.st.stm32cube.ide.mcu.externaltools.gnu-tools-for-stm32.13.3.rel1.win32_1.0.0.202411081344/tools/bin/../lib/gcc/arm-none-eabi/13.3.1/thumb/v7e-m+fp/hard/crtn.o
                0x100010f8                        . = ALIGN (0x4)
                0x100010f8                        _etext = .

.vfp11_veneer   0x100010f8        0x0
 .vfp11_veneer  0x100010f8        0x0 linker stubs

.v4_bx          0x100010f8        0x0
 .v4_bx         0x100010f8        0x0 linker stubs

.iplt           0x100010f8        0x0
 .iplt          0x100010f8        0x0 D:/ST/STM32CubeIDE_1.19.0/STM32CubeIDE/plugins/com.st.stm32cube.ide.mcu.externaltools.gnu-tools-for-stm32.13.3.rel1.win32_1.0.0.202411081344/tools/bin/../lib/gcc/arm-none-eabi/13.3.1/thumb/v7e-m+fp/hard/crtbegin.o

.startup_copro_fw.Reset_Handler
                0x100010f8       0x50
 .startup_copro_fw.Reset_Handler
                0x100010f8       0x50 ./Application/Startup/startup_stm32mp157caax.o
                0x100010f8                Reset_Handler

.rodata         0x10001148       0xcc
                0x10001148                        . = ALIGN (0x4)
 *(.rodata)
 .rodata        0x10001148       0x65 ./Drivers/STM32MP1xx_HAL_Driver/stm32mp1xx_hal_cortex.o
 *fill*         0x100011ad        0x3 
 .rodata        0x100011b0       0x63 ./Drivers/STM32MP1xx_HAL_Driver/stm32mp1xx_hal_gpio.o
 *(.rodata*)
                0x10001214                        . = ALIGN (0x4)
 *fill*         0x10001213        0x1 

.ARM.extab      0x10001214        0x0
                0x10001214                        . = ALIGN (0x4)
 *(.ARM.extab* .gnu.linkonce.armextab.*)
                0x10001214                        . = ALIGN (0x4)

.ARM            0x10001214        0x0
                0x10001214                        . = ALIGN (0x4)
                0x10001214                        __exidx_start = .
 *(.ARM.exidx*)
                0x10001214                        __exidx_end = .
                0x10001214                        . = ALIGN (0x4)

.preinit_array  0x10001214        0x0
                0x10001214                        . = ALIGN (0x4)
                0x10001214                        PROVIDE (__preinit_array_start = .)
 *(.preinit_array*)
                0x10001214                        PROVIDE (__preinit_array_end = .)
                0x10001214                        . = ALIGN (0x4)

.init_array     0x10001214        0x4
                0x10001214                        . = ALIGN (0x4)
                0x10001214                        PROVIDE (__init_array_start = .)
 *(SORT_BY_NAME(.init_array.*))
 *(.init_array*)
 .init_array    0x10001214        0x4 D:/ST/STM32CubeIDE_1.19.0/STM32CubeIDE/plugins/com.st.stm32cube.ide.mcu.externaltools.gnu-tools-for-stm32.13.3.rel1.win32_1.0.0.202411081344/tools/bin/../lib/gcc/arm-none-eabi/13.3.1/thumb/v7e-m+fp/hard/crtbegin.o
                0x10001218                        PROVIDE (__init_array_end = .)
                0x10001218                        . = ALIGN (0x4)

.fini_array     0x10001218        0x4
                0x10001218                        . = ALIGN (0x4)
                [!provide]                        PROVIDE (__fini_array_start = .)
 *(SORT_BY_NAME(.fini_array.*))
 *(.fini_array*)
 .fini_array    0x10001218        0x4 D:/ST/STM32CubeIDE_1.19.0/STM32CubeIDE/plugins/com.st.stm32cube.ide.mcu.externaltools.gnu-tools-for-stm32.13.3.rel1.win32_1.0.0.202411081344/tools/bin/../lib/gcc/arm-none-eabi/13.3.1/thumb/v7e-m+fp/hard/crtbegin.o
                [!provide]                        PROVIDE (__fini_array_end = .)
                0x1000121c                        . = ALIGN (0x4)
                0x1000121c                        __DATA_ROM = .
                0x1000121c                        _sidata = LOADADDR (.data)

.rel.dyn        0x1000121c        0x0
 .rel.iplt      0x1000121c        0x0 D:/ST/STM32CubeIDE_1.19.0/STM32CubeIDE/plugins/com.st.stm32cube.ide.mcu.externaltools.gnu-tools-for-stm32.13.3.rel1.win32_1.0.0.202411081344/tools/bin/../lib/gcc/arm-none-eabi/13.3.1/thumb/v7e-m+fp/hard/crtbegin.o

.data           0x10020000        0xc load address 0x1000121c
                0x10020000                        . = ALIGN (0x4)
                0x10020000                        _sdata = .
 *(.data)
 *(.data*)
 .data.SystemCoreClock
                0x10020000        0x4 ./Drivers/CMSIS/system_stm32mp1xx.o
                0x10020000                SystemCoreClock
 .data.uwTickPrio
                0x10020004        0x4 ./Drivers/STM32MP1xx_HAL_Driver/stm32mp1xx_hal.o
                0x10020004                uwTickPrio
 .data.uwTickFreq
                0x10020008        0x1 ./Drivers/STM32MP1xx_HAL_Driver/stm32mp1xx_hal.o
                0x10020008                uwTickFreq
                0x1002000c                        . = ALIGN (0x4)
 *fill*         0x10020009        0x3 
                0x1002000c                        _edata = .
                0x10001228                        __DATA_END = (__DATA_ROM + (_edata - _sdata))
                0x10020000                        text_end = (ORIGIN (m_text) + LENGTH (m_text))
                0x00000001                        ASSERT ((__DATA_END <= text_end), region m_text overflowed with text and data)

.igot.plt       0x1002000c        0x0 load address 0x10001228
 .igot.plt      0x1002000c        0x0 D:/ST/STM32CubeIDE_1.19.0/STM32CubeIDE/plugins/com.st.stm32cube.ide.mcu.externaltools.gnu-tools-for-stm32.13.3.rel1.win32_1.0.0.202411081344/tools/bin/../lib/gcc/arm-none-eabi/13.3.1/thumb/v7e-m+fp/hard/crtbegin.o

.resource_table
                0x1002000c        0x0
                0x1002000c                        . = ALIGN (0x4)
 *(.resource_table*)
                0x1002000c                        . = ALIGN (0x4)
                0x1002000c                        _eirsc = (LOADADDR (.resource_table) + SIZEOF (.resource_table))
                0x00000001                        ASSERT (((SIZEOF (.resource_table) == 0x0) || (_eirsc <= text_end)), no room for resource_table load section in text)
                0x1002000c                        . = ALIGN (0x4)

.bss            0x1002000c       0x34
                0x1002000c                        _sbss = .
                0x1002000c                        __bss_start__ = _sbss
 *(.bss)
 .bss           0x1002000c       0x1c D:/ST/STM32CubeIDE_1.19.0/STM32CubeIDE/plugins/com.st.stm32cube.ide.mcu.externaltools.gnu-tools-for-stm32.13.3.rel1.win32_1.0.0.202411081344/tools/bin/../lib/gcc/arm-none-eabi/13.3.1/thumb/v7e-m+fp/hard/crtbegin.o
 *(.bss*)
 .bss.s_last_hb_tick
                0x10020028        0x4 ./Application/User/main.o
 .bss.s_last_led_tick
                0x1002002c        0x4 ./Application/User/main.o
 .bss.hexti     0x10020030        0xc ./Application/User/main.o
                0x10020030                hexti
 .bss.uwTick    0x1002003c        0x4 ./Drivers/STM32MP1xx_HAL_Driver/stm32mp1xx_hal.o
                0x1002003c                uwTick
 *(COMMON)
                0x10020040                        . = ALIGN (0x4)
                0x10020040                        _ebss = .
                0x10020040                        __bss_end__ = _ebss

._user_heap_stack
                0x10020040      0x600
                0x10020040                        . = ALIGN (0x8)
                0x10020040                        PROVIDE (end = .)
                [!provide]                        PROVIDE (_end = .)
                0x10020240                        . = (. + _Min_Heap_Size)
 *fill*         0x10020040      0x200 
                0x10020640                        . = (. + _Min_Stack_Size)
 *fill*         0x10020240      0x400 
                0x10020640                        . = ALIGN (0x8)

/DISCARD/
 libc.a(*)
 libm.a(*)
 libgcc.a(*)

.ARM.attributes
                0x00000000       0x30
 *(.ARM.attributes)
 .ARM.attributes
                0x00000000       0x22 D:/ST/STM32CubeIDE_1.19.0/STM32CubeIDE/plugins/com.st.stm32cube.ide.mcu.externaltools.gnu-tools-for-stm32.13.3.rel1.win32_1.0.0.202411081344/tools/bin/../lib/gcc/arm-none-eabi/13.3.1/thumb/v7e-m+fp/hard/crti.o
 .ARM.attributes
                0x00000022       0x34 D:/ST/STM32CubeIDE_1.19.0/STM32CubeIDE/plugins/com.st.stm32cube.ide.mcu.externaltools.gnu-tools-for-stm32.13.3.rel1.win32_1.0.0.202411081344/tools/bin/../lib/gcc/arm-none-eabi/13.3.1/thumb/v7e-m+fp/hard/crtbegin.o
 .ARM.attributes
                0x00000056       0x21 ./Application/Startup/startup_stm32mp157caax.o
 .ARM.attributes
                0x00000077       0x34 ./Application/User/main.o
 .ARM.attributes
                0x000000ab       0x34 ./Application/User/stm32mp1xx_hal_msp.o
 .ARM.attributes
                0x000000df       0x34 ./Application/User/stm32mp1xx_it.o
 .ARM.attributes
                0x00000113       0x34 ./Drivers/CMSIS/system_stm32mp1xx.o
 .ARM.attributes
                0x00000147       0x34 ./Drivers/STM32MP1xx_HAL_Driver/stm32mp1xx_hal.o
 .ARM.attributes
                0x0000017b       0x34 ./Drivers/STM32MP1xx_HAL_Driver/stm32mp1xx_hal_cortex.o
 .ARM.attributes
                0x000001af       0x34 ./Drivers/STM32MP1xx_HAL_Driver/stm32mp1xx_hal_exti.o
 .ARM.attributes
                0x000001e3       0x34 ./Drivers/STM32MP1xx_HAL_Driver/stm32mp1xx_hal_gpio.o
 .ARM.attributes
                0x00000217       0x34 ./Drivers/STM32MP1xx_HAL_Driver/stm32mp1xx_hal_rcc.o
 .ARM.attributes
                0x0000024b       0x34 D:/ST/STM32CubeIDE_1.19.0/STM32CubeIDE/plugins/com.st.stm32cube.ide.mcu.externaltools.gnu-tools-for-stm32.13.3.rel1.win32_1.0.0.202411081344/tools/bin/../lib/gcc/arm-none-eabi/13.3.1/../../../../arm-none-eabi/lib/thumb/v7e-m+fp/hard\libc_nano.a(libc_a-init.o)
 .ARM.attributes
                0x0000027f       0x22 D:/ST/STM32CubeIDE_1.19.0/STM32CubeIDE/plugins/com.st.stm32cube.ide.mcu.externaltools.gnu-tools-for-stm32.13.3.rel1.win32_1.0.0.202411081344/tools/bin/../lib/gcc/arm-none-eabi/13.3.1/thumb/v7e-m+fp/hard/crtn.o
OUTPUT(GPIO_EXTI_CM4.elf elf32-littlearm)
LOAD linker stubs
LOAD D:/ST/STM32CubeIDE_1.19.0/STM32CubeIDE/plugins/com.st.stm32cube.ide.mcu.externaltools.gnu-tools-for-stm32.13.3.rel1.win32_1.0.0.202411081344/tools/bin/../lib/gcc/arm-none-eabi/13.3.1/../../../../arm-none-eabi/lib/thumb/v7e-m+fp/hard\libc.a
LOAD D:/ST/STM32CubeIDE_1.19.0/STM32CubeIDE/plugins/com.st.stm32cube.ide.mcu.externaltools.gnu-tools-for-stm32.13.3.rel1.win32_1.0.0.202411081344/tools/bin/../lib/gcc/arm-none-eabi/13.3.1/../../../../arm-none-eabi/lib/thumb/v7e-m+fp/hard\libm.a
LOAD D:/ST/STM32CubeIDE_1.19.0/STM32CubeIDE/plugins/com.st.stm32cube.ide.mcu.externaltools.gnu-tools-for-stm32.13.3.rel1.win32_1.0.0.202411081344/tools/bin/../lib/gcc/arm-none-eabi/13.3.1/thumb/v7e-m+fp/hard\libgcc.a

.debug_line     0x00000000     0x7500
 .debug_line    0x00000000       0x7b ./Application/Startup/startup_stm32mp157caax.o
 .debug_line    0x0000007b      0x910 ./Application/User/main.o
 .debug_line    0x0000098b      0x7bf ./Application/User/stm32mp1xx_hal_msp.o
 .debug_line    0x0000114a      0x861 ./Application/User/stm32mp1xx_it.o
 .debug_line    0x000019ab      0x7ff ./Drivers/CMSIS/system_stm32mp1xx.o
 .debug_line    0x000021aa      0xcb0 ./Drivers/STM32MP1xx_HAL_Driver/stm32mp1xx_hal.o
 .debug_line    0x00002e5a      0xda7 ./Drivers/STM32MP1xx_HAL_Driver/stm32mp1xx_hal_cortex.o
 .debug_line    0x00003c01      0xc7c ./Drivers/STM32MP1xx_HAL_Driver/stm32mp1xx_hal_exti.o
 .debug_line    0x0000487d      0xd28 ./Drivers/STM32MP1xx_HAL_Driver/stm32mp1xx_hal_gpio.o
 .debug_line    0x000055a5     0x1f5b ./Drivers/STM32MP1xx_HAL_Driver/stm32mp1xx_hal_rcc.o

.debug_line_str
                0x00000000      0x10d
 .debug_line_str
                0x00000000      0x10d ./Application/Startup/startup_stm32mp157caax.o

.debug_info     0x00000000     0x703c
 .debug_info    0x00000000       0x30 ./Application/Startup/startup_stm32mp157caax.o
 .debug_info    0x00000030     0x12cd ./Application/User/main.o
 .debug_info    0x000012fd       0x8a ./Application/User/stm32mp1xx_hal_msp.o
 .debug_info    0x00001387      0x184 ./Application/User/stm32mp1xx_it.o
 .debug_info    0x0000150b     0x1144 ./Drivers/CMSIS/system_stm32mp1xx.o
 .debug_info    0x0000264f      0xe02 ./Drivers/STM32MP1xx_HAL_Driver/stm32mp1xx_hal.o
 .debug_info    0x00003451      0xe8a ./Drivers/STM32MP1xx_HAL_Driver/stm32mp1xx_hal_cortex.o
 .debug_info    0x000042db      0x885 ./Drivers/STM32MP1xx_HAL_Driver/stm32mp1xx_hal_exti.o
 .debug_info    0x00004b60      0x953 ./Drivers/STM32MP1xx_HAL_Driver/stm32mp1xx_hal_gpio.o
 .debug_info    0x000054b3     0x1b89 ./Drivers/STM32MP1xx_HAL_Driver/stm32mp1xx_hal_rcc.o

.debug_abbrev   0x00000000     0x1160
 .debug_abbrev  0x00000000       0x24 ./Application/Startup/startup_stm32mp157caax.o
 .debug_abbrev  0x00000024      0x258 ./Application/User/main.o
 .debug_abbrev  0x0000027c       0x45 ./Application/User/stm32mp1xx_hal_msp.o
 .debug_abbrev  0x000002c1       0xe6 ./Application/User/stm32mp1xx_it.o
 .debug_abbrev  0x000003a7      0x128 ./Drivers/CMSIS/system_stm32mp1xx.o
 .debug_abbrev  0x000004cf      0x2bb ./Drivers/STM32MP1xx_HAL_Driver/stm32mp1xx_hal.o
 .debug_abbrev  0x0000078a      0x33a ./Drivers/STM32MP1xx_HAL_Driver/stm32mp1xx_hal_cortex.o
 .debug_abbrev  0x00000ac4      0x1c2 ./Drivers/STM32MP1xx_HAL_Driver/stm32mp1xx_hal_exti.o
 .debug_abbrev  0x00000c86      0x20d ./Drivers/STM32MP1xx_HAL_Driver/stm32mp1xx_hal_gpio.o
 .debug_abbrev  0x00000e93      0x2cd ./Drivers/STM32MP1xx_HAL_Driver/stm32mp1xx_hal_rcc.o

.debug_aranges  0x00000000      0x5b0
 .debug_aranges
                0x00000000       0x28 ./Application/Startup/startup_stm32mp157caax.o
 .debug_aranges
                0x00000028       0x50 ./Application/User/main.o
 .debug_aranges
                0x00000078       0x20 ./Application/User/stm32mp1xx_hal_msp.o
 .debug_aranges
                0x00000098       0x58 ./Application/User/stm32mp1xx_it.o
 .debug_aranges
                0x000000f0       0x28 ./Drivers/CMSIS/system_stm32mp1xx.o
 .debug_aranges
                0x00000118      0x178 ./Drivers/STM32MP1xx_HAL_Driver/stm32mp1xx_hal.o
 .debug_aranges
                0x00000290      0x100 ./Drivers/STM32MP1xx_HAL_Driver/stm32mp1xx_hal_cortex.o
 .debug_aranges
                0x00000390       0x60 ./Drivers/STM32MP1xx_HAL_Driver/stm32mp1xx_hal_exti.o
 .debug_aranges
                0x000003f0       0x60 ./Drivers/STM32MP1xx_HAL_Driver/stm32mp1xx_hal_gpio.o
 .debug_aranges
                0x00000450      0x160 ./Drivers/STM32MP1xx_HAL_Driver/stm32mp1xx_hal_rcc.o

.debug_str      0x00000000   0x1bc82d
 .debug_str     0x00000000   0x1bc82d ./Application/Startup/startup_stm32mp157caax.o
                                0x129 (size before relaxing)
 .debug_str     0x001bc82d   0x1ba525 ./Application/User/main.o
 .debug_str     0x001bc82d   0x1b95b4 ./Application/User/stm32mp1xx_hal_msp.o
 .debug_str     0x001bc82d   0x1b96bc ./Application/User/stm32mp1xx_it.o
 .debug_str     0x001bc82d   0x1b99c0 ./Drivers/CMSIS/system_stm32mp1xx.o
 .debug_str     0x001bc82d   0x1b9df2 ./Drivers/STM32MP1xx_HAL_Driver/stm32mp1xx_hal.o
 .debug_str     0x001bc82d   0x1b9a20 ./Drivers/STM32MP1xx_HAL_Driver/stm32mp1xx_hal_cortex.o
 .debug_str     0x001bc82d   0x1b9119 ./Drivers/STM32MP1xx_HAL_Driver/stm32mp1xx_hal_exti.o
 .debug_str     0x001bc82d   0x1b91c7 ./Drivers/STM32MP1xx_HAL_Driver/stm32mp1xx_hal_gpio.o
 .debug_str     0x001bc82d   0x1ba29a ./Drivers/STM32MP1xx_HAL_Driver/stm32mp1xx_hal_rcc.o

.debug_rnglists
                0x00000000      0x430
 .debug_rnglists
                0x00000000       0x19 ./Application/Startup/startup_stm32mp157caax.o
 .debug_rnglists
                0x00000019       0x38 ./Application/User/main.o
 .debug_rnglists
                0x00000051       0x13 ./Application/User/stm32mp1xx_hal_msp.o
 .debug_rnglists
                0x00000064       0x3d ./Application/User/stm32mp1xx_it.o
 .debug_rnglists
                0x000000a1       0x1a ./Drivers/CMSIS/system_stm32mp1xx.o
 .debug_rnglists
                0x000000bb      0x115 ./Drivers/STM32MP1xx_HAL_Driver/stm32mp1xx_hal.o
 .debug_rnglists
                0x000001d0       0xbc ./Drivers/STM32MP1xx_HAL_Driver/stm32mp1xx_hal_cortex.o
 .debug_rnglists
                0x0000028c       0x4a ./Drivers/STM32MP1xx_HAL_Driver/stm32mp1xx_hal_exti.o
 .debug_rnglists
                0x000002d6       0x46 ./Drivers/STM32MP1xx_HAL_Driver/stm32mp1xx_hal_gpio.o
 .debug_rnglists
                0x0000031c      0x114 ./Drivers/STM32MP1xx_HAL_Driver/stm32mp1xx_hal_rcc.o

.debug_macro    0x00000000     0x1147
 .debug_macro   0x00000000      0x1fb ./Application/User/main.o
 .debug_macro   0x000001fb       0x46 ./Application/User/main.o
 .debug_macro   0x00000241       0x52 ./Application/User/main.o
 .debug_macro   0x00000293      0x107 ./Application/User/main.o
 .debug_macro   0x0000039a      0x1d1 ./Application/User/stm32mp1xx_hal_msp.o
 .debug_macro   0x0000056b      0x1db ./Application/User/stm32mp1xx_it.o
 .debug_macro   0x00000746      0x197 ./Drivers/CMSIS/system_stm32mp1xx.o
 .debug_macro   0x000008dd      0x1c1 ./Drivers/STM32MP1xx_HAL_Driver/stm32mp1xx_hal.o
 .debug_macro   0x00000a9e      0x191 ./Drivers/STM32MP1xx_HAL_Driver/stm32mp1xx_hal_cortex.o
 .debug_macro   0x00000c2f      0x1b5 ./Drivers/STM32MP1xx_HAL_Driver/stm32mp1xx_hal_exti.o
 .debug_macro   0x00000de4      0x1c6 ./Drivers/STM32MP1xx_HAL_Driver/stm32mp1xx_hal_gpio.o
 .debug_macro   0x00000faa      0x19d ./Drivers/STM32MP1xx_HAL_Driver/stm32mp1xx_hal_rcc.o

.comment        0x00000000       0x43
 .comment       0x00000000       0x43 ./Application/User/main.o
                                 0x44 (size before relaxing)
 .comment       0x00000043       0x44 ./Application/User/stm32mp1xx_hal_msp.o
 .comment       0x00000043       0x44 ./Application/User/stm32mp1xx_it.o
 .comment       0x00000043       0x44 ./Drivers/CMSIS/system_stm32mp1xx.o
 .comment       0x00000043       0x44 ./Drivers/STM32MP1xx_HAL_Driver/stm32mp1xx_hal.o
 .comment       0x00000043       0x44 ./Drivers/STM32MP1xx_HAL_Driver/stm32mp1xx_hal_cortex.o
 .comment       0x00000043       0x44 ./Drivers/STM32MP1xx_HAL_Driver/stm32mp1xx_hal_exti.o
 .comment       0x00000043       0x44 ./Drivers/STM32MP1xx_HAL_Driver/stm32mp1xx_hal_gpio.o
 .comment       0x00000043       0x44 ./Drivers/STM32MP1xx_HAL_Driver/stm32mp1xx_hal_rcc.o

.debug_frame    0x00000000     0x14f8
 .debug_frame   0x00000000       0xec ./Application/User/main.o
 .debug_frame   0x000000ec       0x30 ./Application/User/stm32mp1xx_hal_msp.o
 .debug_frame   0x0000011c       0xf8 ./Application/User/stm32mp1xx_it.o
 .debug_frame   0x00000214       0x58 ./Drivers/CMSIS/system_stm32mp1xx.o
 .debug_frame   0x0000026c      0x5cc ./Drivers/STM32MP1xx_HAL_Driver/stm32mp1xx_hal.o
 .debug_frame   0x00000838      0x428 ./Drivers/STM32MP1xx_HAL_Driver/stm32mp1xx_hal_cortex.o
 .debug_frame   0x00000c60      0x15c ./Drivers/STM32MP1xx_HAL_Driver/stm32mp1xx_hal_exti.o
 .debug_frame   0x00000dbc      0x164 ./Drivers/STM32MP1xx_HAL_Driver/stm32mp1xx_hal_gpio.o
 .debug_frame   0x00000f20      0x5ac ./Drivers/STM32MP1xx_HAL_Driver/stm32mp1xx_hal_rcc.o
 .debug_frame   0x000014cc       0x2c D:/ST/STM32CubeIDE_1.19.0/STM32CubeIDE/plugins/com.st.stm32cube.ide.mcu.externaltools.gnu-tools-for-stm32.13.3.rel1.win32_1.0.0.202411081344/tools/bin/../lib/gcc/arm-none-eabi/13.3.1/../../../../arm-none-eabi/lib/thumb/v7e-m+fp/hard\libc_nano.a(libc_a-init.o)
